[    0.000000] Linux version 4.15.0-135-generic (buildd@lgw01-amd64-005) (gcc version 7.5.0 (Ubuntu 7.5.0-3ubuntu1~18.04)) #139-Ubuntu SMP Mon Jan 18 17:38:24 UTC 2021 (Ubuntu 4.15.0-135.139-generic 4.15.18)
[    0.000000] Command line: BOOT_IMAGE=/boot/vmlinuz-4.15.0-135-generic root=LABEL=cloudimg-rootfs ro console=tty1 console=ttyS0
[    0.000000] KERNEL supported cpus:
[    0.000000]   Intel GenuineIntel
[    0.000000]   AMD AuthenticAMD
[    0.000000]   Centaur CentaurHauls
[    0.000000] x86/fpu: x87 FPU will use FXSAVE
[    0.000000] e820: BIOS-provided physical RAM map:
[    0.000000] BIOS-e820: [mem 0x0000000000000000-0x000000000009fbff] usable
[    0.000000] BIOS-e820: [mem 0x000000000009fc00-0x000000000009ffff] reserved
[    0.000000] BIOS-e820: [mem 0x00000000000f0000-0x00000000000fffff] reserved
[    0.000000] BIOS-e820: [mem 0x0000000000100000-0x000000003ffeffff] usable
[    0.000000] BIOS-e820: [mem 0x000000003fff0000-0x000000003fffffff] ACPI data
[    0.000000] BIOS-e820: [mem 0x00000000fec00000-0x00000000fec00fff] reserved
[    0.000000] BIOS-e820: [mem 0x00000000fee00000-0x00000000fee00fff] reserved
[    0.000000] BIOS-e820: [mem 0x00000000fffc0000-0x00000000ffffffff] reserved
[    0.000000] NX (Execute Disable) protection: active
[    0.000000] SMBIOS 2.5 present.
[    0.000000] DMI: innotek GmbH VirtualBox/VirtualBox, BIOS VirtualBox 12/01/2006
[    0.000000] Hypervisor detected: KVM
[    0.000000] e820: last_pfn = 0x3fff0 max_arch_pfn = 0x400000000
[    0.000000] MTRR: Disabled
[    0.000000] x86/PAT: MTRRs disabled, skipping PAT initialization too.
[    0.000000] CPU MTRRs all blank - virtualized system.
[    0.000000] x86/PAT: Configuration [0-7]: WB  WT  UC- UC  WB  WT  UC- UC  
[    0.000000] found SMP MP-table at [mem 0x0009fff0-0x0009ffff]
[    0.000000] Scanning 1 areas for low memory corruption
[    0.000000] RAMDISK: [mem 0x35a63000-0x36d28fff]
[    0.000000] ACPI: Early table checksum verification disabled
[    0.000000] ACPI: RSDP 0x00000000000E0000 000024 (v02 VBOX  )
[    0.000000] ACPI: XSDT 0x000000003FFF0030 00003C (v01 VBOX   VBOXXSDT 00000001 ASL  00000061)
[    0.000000] ACPI: FACP 0x000000003FFF00F0 0000F4 (v04 VBOX   VBOXFACP 00000001 ASL  00000061)
[    0.000000] ACPI: DSDT 0x000000003FFF0470 002325 (v02 VBOX   VBOXBIOS 00000002 INTL 20120111)
[    0.000000] ACPI: FACS 0x000000003FFF0200 000040
[    0.000000] ACPI: FACS 0x000000003FFF0200 000040
[    0.000000] ACPI: APIC 0x000000003FFF0240 00005C (v02 VBOX   VBOXAPIC 00000001 ASL  00000061)
[    0.000000] ACPI: SSDT 0x000000003FFF02A0 0001CC (v01 VBOX   VBOXCPUT 00000002 INTL 20120111)
[    0.000000] No NUMA configuration found
[    0.000000] Faking a node at [mem 0x0000000000000000-0x000000003ffeffff]
[    0.000000] NODE_DATA(0) allocated [mem 0x3ffc5000-0x3ffeffff]
[    0.000000] kvm-clock: cpu 0, msr 0:3ff44001, primary cpu clock
[    0.000000] kvm-clock: Using msrs 4b564d01 and 4b564d00
[    0.000000] kvm-clock: using sched offset of 4615915937 cycles
[    0.000000] clocksource: kvm-clock: mask: 0xffffffffffffffff max_cycles: 0x1cd42e4dffb, max_idle_ns: 881590591483 ns
[    0.000000] Zone ranges:
[    0.000000]   DMA      [mem 0x0000000000001000-0x0000000000ffffff]
[    0.000000]   DMA32    [mem 0x0000000001000000-0x000000003ffeffff]
[    0.000000]   Normal   empty
[    0.000000]   Device   empty
[    0.000000] Movable zone start for each node
[    0.000000] Early memory node ranges
[    0.000000]   node   0: [mem 0x0000000000001000-0x000000000009efff]
[    0.000000]   node   0: [mem 0x0000000000100000-0x000000003ffeffff]
[    0.000000] Reserved but unavailable: 98 pages
[    0.000000] Initmem setup node 0 [mem 0x0000000000001000-0x000000003ffeffff]
[    0.000000] ACPI: PM-Timer IO Port: 0x4008
[    0.000000] IOAPIC[0]: apic_id 2, version 32, address 0xfec00000, GSI 0-23
[    0.000000] ACPI: INT_SRC_OVR (bus 0 bus_irq 0 global_irq 2 dfl dfl)
[    0.000000] ACPI: INT_SRC_OVR (bus 0 bus_irq 9 global_irq 9 low level)
[    0.000000] Using ACPI (MADT) for SMP configuration information
[    0.000000] smpboot: Allowing 2 CPUs, 0 hotplug CPUs
[    0.000000] PM: Registered nosave memory: [mem 0x00000000-0x00000fff]
[    0.000000] PM: Registered nosave memory: [mem 0x0009f000-0x0009ffff]
[    0.000000] PM: Registered nosave memory: [mem 0x000a0000-0x000effff]
[    0.000000] PM: Registered nosave memory: [mem 0x000f0000-0x000fffff]
[    0.000000] e820: [mem 0x40000000-0xfebfffff] available for PCI devices
[    0.000000] Booting paravirtualized kernel on KVM
[    0.000000] clocksource: refined-jiffies: mask: 0xffffffff max_cycles: 0xffffffff, max_idle_ns: 7645519600211568 ns
[    0.000000] random: get_random_bytes called from start_kernel+0x99/0x500 with crng_init=0
[    0.000000] setup_percpu: NR_CPUS:8192 nr_cpumask_bits:2 nr_cpu_ids:2 nr_node_ids:1
[    0.000000] percpu: Embedded 45 pages/cpu s147456 r8192 d28672 u1048576
[    0.000000] PV qspinlock hash table entries: 256 (order: 0, 4096 bytes)
[    0.000000] Built 1 zonelists, mobility grouping on.  Total pages: 257913
[    0.000000] Policy zone: DMA32
[    0.000000] Kernel command line: BOOT_IMAGE=/boot/vmlinuz-4.15.0-135-generic root=LABEL=cloudimg-rootfs ro console=tty1 console=ttyS0
[    0.000000] Memory: 983020K/1048120K available (12300K kernel code, 2482K rwdata, 4276K rodata, 2440K init, 2724K bss, 65100K reserved, 0K cma-reserved)
[    0.000000] SLUB: HWalign=64, Order=0-3, MinObjects=0, CPUs=2, Nodes=1
[    0.000000] Kernel/User page tables isolation: enabled
[    0.000000] ftrace: allocating 39422 entries in 154 pages
[    0.004000] Hierarchical RCU implementation.
[    0.004000] 	RCU restricting CPUs from NR_CPUS=8192 to nr_cpu_ids=2.
[    0.004000] 	Tasks RCU enabled.
[    0.004000] RCU: Adjusting geometry for rcu_fanout_leaf=16, nr_cpu_ids=2
[    0.004000] NR_IRQS: 524544, nr_irqs: 440, preallocated irqs: 16
[    0.004000] Console: colour VGA+ 80x25
[    0.004000] console [tty1] enabled
[    0.004000] console [ttyS0] enabled
[    0.004000] ACPI: Core revision 20170831
[    0.004000] ACPI: 2 ACPI AML tables successfully acquired and loaded
[    0.004000] APIC: Switch to symmetric I/O mode setup
[    0.004000] x2apic enabled
[    0.004000] Switched APIC routing to physical x2apic.
[    0.005453] ..TIMER: vector=0x30 apic1=0 pin1=2 apic2=-1 pin2=-1
[    0.008004] tsc: Detected 3058.998 MHz processor
[    0.012015] Calibrating delay loop (skipped) preset value.. 6117.99 BogoMIPS (lpj=12235992)
[    0.016004] pid_max: default: 32768 minimum: 301
[    0.017545] Security Framework initialized
[    0.018853] Yama: becoming mindful.
[    0.020034] AppArmor: AppArmor initialized
[    0.023323] Dentry cache hash table entries: 131072 (order: 8, 1048576 bytes)
[    0.024122] Inode-cache hash table entries: 65536 (order: 7, 524288 bytes)
[    0.028020] Mount-cache hash table entries: 2048 (order: 2, 16384 bytes)
[    0.030135] Mountpoint-cache hash table entries: 2048 (order: 2, 16384 bytes)
[    0.032355] Last level iTLB entries: 4KB 512, 2MB 7, 4MB 7
[    0.034075] Last level dTLB entries: 4KB 512, 2MB 32, 4MB 32, 1GB 0
[    0.036004] Spectre V1 : Mitigation: usercopy/swapgs barriers and __user pointer sanitization
[    0.040004] Spectre V2 : Mitigation: Full generic retpoline
[    0.041719] Spectre V2 : Spectre v2 / SpectreRSB mitigation: Filling RSB on context switch
[    0.044003] Speculative Store Bypass: Vulnerable
[    0.045495] MDS: Vulnerable: Clear CPU buffers attempted, no microcode
[    0.048196] Freeing SMP alternatives memory: 36K
[    0.160113] smpboot: CPU0: Intel(R) Core(TM) i3 CPU         540  @ 3.07GHz (family: 0x6, model: 0x25, stepping: 0x5)
[    0.163674] Performance Events: unsupported p6 CPU model 37 no PMU driver, software events only.
[    0.164073] Hierarchical SRCU implementation.
[    0.168409] NMI watchdog: Perf event create on CPU 0 failed with -2
[    0.170389] NMI watchdog: Perf NMI watchdog permanently disabled
[    0.172075] smp: Bringing up secondary CPUs ...
[    0.173652] x86: Booting SMP configuration:
[    0.174978] .... node  #0, CPUs:      #1
[    0.004000] kvm-clock: cpu 1, msr 0:3ff44041, secondary cpu clock
[    0.180029] smp: Brought up 1 node, 2 CPUs
[    0.181287] smpboot: Max logical packages: 1
[    0.182623] smpboot: Total of 2 processors activated (12235.99 BogoMIPS)
[    0.184177] devtmpfs: initialized
[    0.185129] x86/mm: Memory block size: 128MB
[    0.188174] evm: security.selinux
[    0.189401] evm: security.SMACK64
[    0.190461] evm: security.SMACK64EXEC
[    0.192005] evm: security.SMACK64TRANSMUTE
[    0.193321] evm: security.SMACK64MMAP
[    0.194547] evm: security.apparmor
[    0.195633] evm: security.ima
[    0.196004] evm: security.capability
[    0.197271] clocksource: jiffies: mask: 0xffffffff max_cycles: 0xffffffff, max_idle_ns: 7645041785100000 ns
[    0.200022] futex hash table entries: 512 (order: 3, 32768 bytes)
[    0.204047] pinctrl core: initialized pinctrl subsystem
[    0.205916] RTC time: 15:29:08, date: 02/07/21
[    0.208325] NET: Registered protocol family 16
[    0.209820] audit: initializing netlink subsys (disabled)
[    0.212059] audit: type=2000 audit(1612711754.145:1): state=initialized audit_enabled=0 res=1
[    0.212235] cpuidle: using governor ladder
[    0.216019] cpuidle: using governor menu
[    0.217312] ACPI: bus type PCI registered
[    0.218634] acpiphp: ACPI Hot Plug PCI Controller Driver version: 0.5
[    0.220145] PCI: Using configuration type 1 for base access
[    0.225065] HugeTLB registered 2.00 MiB page size, pre-allocated 0 pages
[    0.228105] ACPI: Added _OSI(Module Device)
[    0.229940] ACPI: Added _OSI(Processor Device)
[    0.231376] ACPI: Added _OSI(3.0 _SCP Extensions)
[    0.232005] ACPI: Added _OSI(Processor Aggregator Device)
[    0.233677] ACPI: Added _OSI(Linux-Dell-Video)
[    0.236004] ACPI: Added _OSI(Linux-Lenovo-NV-HDMI-Audio)
[    0.237695] ACPI: Added _OSI(Linux-HPI-Hybrid-Graphics)
[    0.240387] ACPI: Executed 1 blocks of module-level executable AML code
[    0.246074] ACPI: Interpreter enabled
[    0.247318] ACPI: (supports S0 S5)
[    0.248006] ACPI: Using IOAPIC for interrupt routing
[    0.249887] PCI: Using host bridge windows from ACPI; if necessary, use "pci=nocrs" and report a bug
[    0.252284] ACPI: Enabled 2 GPEs in block 00 to 07
[    0.265679] ACPI: PCI Root Bridge [PCI0] (domain 0000 [bus 00-ff])
[    0.267646] acpi PNP0A03:00: _OSC: OS supports [ASPM ClockPM Segments MSI]
[    0.268648] acpi PNP0A03:00: _OSC: not requesting OS control; OS requires [ExtendedConfig ASPM ClockPM MSI]
[    0.272017] acpi PNP0A03:00: fail to add MMCONFIG information, can't access extended PCI configuration space under this bridge.
[    0.276807] PCI host bridge to bus 0000:00
[    0.278109] pci_bus 0000:00: root bus resource [io  0x0000-0x0cf7 window]
[    0.280005] pci_bus 0000:00: root bus resource [io  0x0d00-0xffff window]
[    0.282067] pci_bus 0000:00: root bus resource [mem 0x000a0000-0x000bffff window]
[    0.284005] pci_bus 0000:00: root bus resource [mem 0x40000000-0xfdffffff window]
[    0.286315] pci_bus 0000:00: root bus resource [bus 00-ff]
[    0.294549] pci 0000:00:01.1: legacy IDE quirk: reg 0x10: [io  0x01f0-0x01f7]
[    0.296005] pci 0000:00:01.1: legacy IDE quirk: reg 0x14: [io  0x03f6]
[    0.298025] pci 0000:00:01.1: legacy IDE quirk: reg 0x18: [io  0x0170-0x0177]
[    0.300005] pci 0000:00:01.1: legacy IDE quirk: reg 0x1c: [io  0x0376]
[    0.332551] pci 0000:00:07.0: quirk: [io  0x4000-0x403f] claimed by PIIX4 ACPI
[    0.335031] pci 0000:00:07.0: quirk: [io  0x4100-0x410f] claimed by PIIX4 SMB
[    0.357000] ACPI: PCI Interrupt Link [LNKA] (IRQs 5 9 10 *11)
[    0.359310] ACPI: PCI Interrupt Link [LNKB] (IRQs 5 9 *10 11)
[    0.360212] ACPI: PCI Interrupt Link [LNKC] (IRQs 5 *9 10 11)
[    0.364094] ACPI: PCI Interrupt Link [LNKD] (IRQs 5 9 10 *11)
[    0.366582] SCSI subsystem initialized
[    0.368039] pci 0000:00:02.0: vgaarb: setting as boot VGA device
[    0.369922] pci 0000:00:02.0: vgaarb: VGA device added: decodes=io+mem,owns=io+mem,locks=none
[    0.372007] pci 0000:00:02.0: vgaarb: bridge control possible
[    0.373952] vgaarb: loaded
[    0.374876] ACPI: bus type USB registered
[    0.376028] usbcore: registered new interface driver usbfs
[    0.377745] usbcore: registered new interface driver hub
[    0.380028] usbcore: registered new device driver usb
[    0.381754] EDAC MC: Ver: 3.0.0
[    0.381754] PCI: Using ACPI for IRQ routing
[    0.384526] NetLabel: Initializing
[    0.385604] NetLabel:  domain hash size = 128
[    0.386961] NetLabel:  protocols = UNLABELED CIPSOv4 CALIPSO
[    0.388021] NetLabel:  unlabeled traffic allowed by default
[    0.392237] clocksource: Switched to clocksource kvm-clock
[    0.415207] VFS: Disk quotas dquot_6.6.0
[    0.416753] VFS: Dquot-cache hash table entries: 512 (order 0, 4096 bytes)
[    0.419110] AppArmor: AppArmor Filesystem Enabled
[    0.420708] pnp: PnP ACPI init
[    0.423663] pnp: PnP ACPI: found 3 devices
[    0.436142] clocksource: acpi_pm: mask: 0xffffff max_cycles: 0xffffff, max_idle_ns: 2085701024 ns
[    0.438935] NET: Registered protocol family 2
[    0.440603] TCP established hash table entries: 8192 (order: 4, 65536 bytes)
[    0.442868] TCP bind hash table entries: 8192 (order: 5, 131072 bytes)
[    0.446864] TCP: Hash tables configured (established 8192 bind 8192)
[    0.449215] UDP hash table entries: 512 (order: 2, 16384 bytes)
[    0.451047] UDP-Lite hash table entries: 512 (order: 2, 16384 bytes)
[    0.453105] NET: Registered protocol family 1
[    0.454492] pci 0000:00:00.0: Limiting direct PCI/PCI transfers
[    0.456424] pci 0000:00:01.0: Activating ISA DMA hang workarounds
[    0.458385] pci 0000:00:02.0: Video device with shadowed ROM at [mem 0x000c0000-0x000dffff]
[    0.461245] Unpacking initramfs...
[    0.822837] Freeing initrd memory: 19224K
[    0.825758] clocksource: tsc: mask: 0xffffffffffffffff max_cycles: 0x2c17fa94415, max_idle_ns: 440795211888 ns
[    0.831810] platform rtc_cmos: registered platform RTC device (no PNP device found)
[    0.836239] Scanning for low memory corruption every 60 seconds
[    0.842691] Initialise system trusted keyrings
[    0.846275] Key type blacklist registered
[    0.849112] workingset: timestamp_bits=36 max_order=18 bucket_order=0
[    0.860439] zbud: loaded
[    0.865282] squashfs: version 4.0 (2009/01/31) Phillip Lougher
[    0.871154] fuse init (API version 7.26)
[    0.882804] Key type asymmetric registered
[    0.885813] Asymmetric key parser 'x509' registered
[    0.888536] Block layer SCSI generic (bsg) driver version 0.4 loaded (major 246)
[    0.891133] io scheduler noop registered
[    0.892551] io scheduler deadline registered
[    0.893933] io scheduler cfq registered (default)
[    0.895922] ACPI: AC Adapter [AC] (on-line)
[    0.897556] input: Power Button as /devices/LNXSYSTM:00/LNXPWRBN:00/input/input0
[    0.901943] ACPI: Power Button [PWRF]
[    0.903782] input: Sleep Button as /devices/LNXSYSTM:00/LNXSLPBN:00/input/input1
[    0.907198] ACPI: Sleep Button [SLPF]
[    0.909611] Serial: 8250/16550 driver, 32 ports, IRQ sharing enabled
[    0.932842] 00:02: ttyS0 at I/O 0x3f8 (irq = 4, base_baud = 115200) is a 16550A
[    0.939177] Linux agpgart interface v0.103
[    0.942592] loop: module loaded
[    0.944525] scsi host0: ata_piix
[    0.945792] scsi host1: ata_piix
[    0.946878] ata1: PATA max UDMA/33 cmd 0x1f0 ctl 0x3f6 bmdma 0xd000 irq 14
[    0.949453] ata2: PATA max UDMA/33 cmd 0x170 ctl 0x376 bmdma 0xd008 irq 15
[    0.951678] libphy: Fixed MDIO Bus: probed
[    0.953623] tun: Universal TUN/TAP device driver, 1.6
[    0.955330] PPP generic driver version 2.4.2
[    0.957192] ehci_hcd: USB 2.0 'Enhanced' Host Controller (EHCI) Driver
[    0.959295] ehci-pci: EHCI PCI platform driver
[    0.960809] ehci-platform: EHCI generic platform driver
[    0.962454] ohci_hcd: USB 1.1 'Open' Host Controller (OHCI) Driver
[    0.964451] ohci-pci: OHCI PCI platform driver
[    0.965863] ohci-platform: OHCI generic platform driver
[    0.967519] uhci_hcd: USB Universal Host Controller Interface driver
[    0.969683] i8042: PNP: PS/2 Controller [PNP0303:PS2K,PNP0f03:PS2M] at 0x60,0x64 irq 1,12
[    0.972708] serio: i8042 KBD port at 0x60,0x64 irq 1
[    0.974320] serio: i8042 AUX port at 0x60,0x64 irq 12
[    0.976233] mousedev: PS/2 mouse device common for all mice
[    0.978860] rtc_cmos rtc_cmos: rtc core: registered rtc_cmos as rtc0
[    0.980996] input: AT Translated Set 2 keyboard as /devices/platform/i8042/serio0/input/input2
[    0.983696] rtc_cmos rtc_cmos: alarms up to one day, 114 bytes nvram
[    0.985878] i2c /dev entries driver
[    0.987220] device-mapper: uevent: version 1.0.3
[    0.989004] device-mapper: ioctl: 4.37.0-ioctl (2017-09-20) initialised: dm-devel@redhat.com
[    0.991695] ledtrig-cpu: registered to indicate activity on CPUs
[    0.994148] NET: Registered protocol family 10
[    1.000945] Segment Routing with IPv6
[    1.002135] NET: Registered protocol family 17
[    1.004560] Key type dns_resolver registered
[    1.006893] mce: Using 0 MCE banks
[    1.008601] RAS: Correctable Errors collector initialized.
[    1.012052] sched_clock: Marking stable (1008531711, 0)->(1227719682, -219187971)
[    1.016466] registered taskstats version 1
[    1.018334] Loading compiled-in X.509 certificates
[    1.025155] Loaded X.509 cert 'Build time autogenerated kernel key: 399a566a2ea98257ce6f7132c633527e9761cd56'
[    1.029531] zswap: loaded using pool lzo/zbud
[    1.036207] Key type big_key registered
[    1.037514] Key type trusted registered
[    1.041364] Key type encrypted registered
[    1.042647] AppArmor: AppArmor sha1 policy hashing enabled
[    1.044518] ima: No TPM chip found, activating TPM-bypass! (rc=-19)
[    1.046451] ima: Allocated hash algorithm: sha1
[    1.047928] evm: HMAC attrs: 0x1
[    1.050156]   Magic number: 9:18:487
[    1.051508] rtc_cmos rtc_cmos: setting system clock to 2021-02-07 15:29:08 UTC (1612711748)
[    1.055304] BIOS EDD facility v0.16 2004-Jun-25, 0 devices found
[    1.057756] EDD information not available.
[    1.134273] Freeing unused kernel image memory: 2440K
[    1.145097] Write protecting the kernel read-only data: 20480k
[    1.147933] Freeing unused kernel image memory: 2008K
[    1.150741] Freeing unused kernel image memory: 1868K
[    1.161601] x86/mm: Checked W+X mappings: passed, no W+X pages found.
[    1.163820] x86/mm: Checking user space page tables
[    1.174103] x86/mm: Checked W+X mappings: passed, no W+X pages found.
Loading, please wait...
starting version 237
[    1.275616] e1000: Intel(R) PRO/1000 Network Driver - version 7.3.21-k8-NAPI
[    1.278111] e1000: Copyright (c) 1999-2006 Intel Corporation.
[    1.290365] Fusion MPT base driver 3.04.20
[    1.293684] Copyright (c) 1999-2008 LSI Corporation
[    1.350175] Fusion MPT SPI Host driver 3.04.20
[    1.526491] input: ImExPS/2 Generic Explorer Mouse as /devices/platform/i8042/serio1/input/input4
[    1.806690] e1000 0000:00:03.0 eth0: (PCI:33MHz:32-bit) 02:ed:54:94:72:f1
[    1.808922] e1000 0000:00:03.0 eth0: Intel(R) PRO/1000 Network Connection
[    1.812246] mptbase: ioc0: Initiating bringup
[    1.908301] ioc0: LSI53C1030 A0: Capabilities={Initiator}
[    2.151204] scsi host2: ioc0: LSI53C1030 A0, FwRev=00000000h, Ports=1, MaxQ=256, IRQ=20
[    2.320913] scsi 2:0:0:0: Direct-Access     VBOX     HARDDISK         1.0  PQ: 0 ANSI: 5
[    2.356291] scsi target2:0:0: Beginning Domain Validation
[    2.381602] scsi target2:0:0: Domain Validation skipping write tests
[    2.383541] scsi target2:0:0: Ending Domain Validation
[    2.385445] scsi target2:0:0: asynchronous
[    2.406390] scsi 2:0:1:0: Direct-Access     VBOX     HARDDISK         1.0  PQ: 0 ANSI: 5
[    2.656171] scsi target2:0:1: Beginning Domain Validation
[    2.659062] random: fast init done
[    2.660924] scsi target2:0:1: Domain Validation skipping write tests
[    2.662828] scsi target2:0:1: Ending Domain Validation
[    2.665041] scsi target2:0:1: asynchronous
[    2.673722] random: systemd-udevd: uninitialized urandom read (16 bytes read)
[    2.677506] sd 2:0:0:0: Attached scsi generic sg0 type 0
[    2.679273] sd 2:0:0:0: [sda] 83886080 512-byte logical blocks: (42.9 GB/40.0 GiB)
[    2.681723] random: systemd-udevd: uninitialized urandom read (16 bytes read)
[    2.685243] sd 2:0:0:0: [sda] Write Protect is off
[    2.687489] sd 2:0:0:0: [sda] Incomplete mode parameter data
[    2.690132] sd 2:0:0:0: [sda] Assuming drive cache: write through
[    2.692950] sd 2:0:1:0: Attached scsi generic sg1 type 0
[    2.694710] random: systemd-udevd: uninitialized urandom read (16 bytes read)
[    2.699119] sd 2:0:1:0: [sdb] 20480 512-byte logical blocks: (10.5 MB/10.0 MiB)
[    2.701727] sd 2:0:1:0: [sdb] Write Protect is off
[    2.703843] sd 2:0:1:0: [sdb] Incomplete mode parameter data
[    2.705672] sd 2:0:1:0: [sdb] Assuming drive cache: write through
[    2.720834]  sda: sda1
[    2.722747] sd 2:0:0:0: [sda] Attached SCSI disk
[    2.724843] sd 2:0:1:0: [sdb] Attached SCSI disk
[    2.806723] e1000 0000:00:08.0 eth1: (PCI:33MHz:32-bit) 08:00:27:fd:12:c4
[    2.808925] e1000 0000:00:08.0 eth1: Intel(R) PRO/1000 Network Connection
[    2.812958] e1000 0000:00:08.0 enp0s8: renamed from eth1
[    2.828904] e1000 0000:00:03.0 enp0s3: renamed from eth0
Begin: Loading essential drivers ... [    4.348213] raid6: sse2x1   gen()  2845 MB/s
[    4.403075] raid6: sse2x1   xor()  2542 MB/s
[    4.452132] raid6: sse2x2   gen()  8560 MB/s
[    4.500074] raid6: sse2x2   xor()  6480 MB/s
[    4.548124] raid6: sse2x4   gen()  9291 MB/s
[    4.596492] raid6: sse2x4   xor()  7039 MB/s
[    4.597836] raid6: using algorithm sse2x4 gen() 9291 MB/s
[    4.599576] raid6: .... xor() 7039 MB/s, rmw enabled
[    4.601401] raid6: using ssse3x2 recovery algorithm
[    4.605212] xor: measuring software checksum speed
[    4.672474]    prefetch64-sse: 30984.000 MB/sec
[    4.724561]    generic_sse: 29494.000 MB/sec
[    4.726077] xor: using function: prefetch64-sse (30984.000 MB/sec)
[    4.729986] async_tx: api initialized (async)
done.
Begin: Running /scripts/init-premount ... done.
Begin: Mounting root file system ... Begin: Running /scripts/local-top ... done.
Begin: Running /scripts/local-premount ... [    4.798027] Btrfs loaded, crc32c=crc32c-intel
Scanning for Btrfs filesystems
done.
Warning: fsck not present, so skipping root file system
[    4.849114] EXT4-fs (sda1): mounted filesystem with ordered data mode. Opts: (null)
done.
Begin: Running /scripts/local-bottom ... done.
Begin: Running /scripts/init-bottom ... done.
[    5.063079] ip_tables: (C) 2000-2006 Netfilter Core Team
[    5.082617] systemd[1]: systemd 237 running in system mode. (+PAM +AUDIT +SELINUX +IMA +APPARMOR +SMACK +SYSVINIT +UTMP +LIBCRYPTSETUP +GCRYPT +GNUTLS +ACL +XZ +LZ4 +SECCOMP +BLKID +ELFUTILS +KMOD -IDN2 +IDN -PCRE2 default-hierarchy=hybrid)
[    5.089239] systemd[1]: Detected virtualization oracle.
[    5.090919] systemd[1]: Detected architecture x86-64.

Welcome to [1mUbuntu 18.04.5 LTS[0m!

[    5.105839] systemd[1]: Set hostname to <loadbalancer>.
[    5.495707] systemd[1]: Set up automount Arbitrary Executable File Formats File System Automount Point.
[[0;32m  OK  [0m] Set up automount Arbitrary Executabâ€¦rmats File System Automount Point.
[    5.507060] systemd[1]: Reached target System Time Synchronized.
[[0;32m  OK  [0m] Reached target System Time Synchronized.
[    5.514373] systemd[1]: Reached target Swap.
[[0;32m  OK  [0m] Reached target Swap.
[    5.529457] systemd[1]: Created slice System Slice.
[[0;32m  OK  [0m] Created slice System Slice.
[    5.545200] systemd[1]: Listening on Syslog Socket.
[[0;32m  OK  [0m] Listening on Syslog Socket.
[    5.553542] systemd[1]: Listening on /dev/initctl Compatibility Named Pipe.
[[0;32m  OK  [0m] Listening on /dev/initctl Compatibility Named Pipe.
[[0;32m  OK  [0m] Listening on Device-mapper event daemon FIFOs.
[[0;32m  OK  [0m] Listening on LVM2 poll daemon socket.
[[0;32m  OK  [0m] Listening on udev Kernel Socket.
[[0;32m  OK  [0m] Listening on udev Control Socket.
[[0;32m  OK  [0m] Listening on Journal Socket.
         Starting Uncomplicated firewall...
         Mounting POSIX Message Queue File System...
         Starting Load Kernel Modules...
         Starting udev Coldplug all Devices...
         Starting Remount Root and Kernel File Systems...
         Starting Create list of required stâ€¦ce nodes for the current kernel...
         Mounting Kernel Debug File System...
[[0;32m  OK  [0m] Listening on Journal Audit Socket.
[[0;32m  OK  [0m] Created slice system-serial\x2dgetty.slice.
[[0;32m  OK  [0m] Listening on LVM2 metadata daemon socket.
         Starting Monitoring of LVM2 mirrorsâ€¦ng dmeventd or progress polling...
[[0;32m  OK  [0m] Listening on Network Service Netlink Socket.
[[0;32m  OK  [0m] Listening on Journal Socket (/dev/log).
         Starting Journal Service...
[    5.646763] Loading iSCSI transport class v2.0-870.
[[0;32m  OK  [0m] Started Forward Password Requests to Wall Directory Watch.
[    5.652162] EXT4-fs (sda1): re-mounted. Opts: (null)
[[0;32m  OK  [0m] Created slice User and Session Slice.
         Starting Set the console keyboard layout...
[[0;32m  OK  [0m] Reached target Slices.
         Mounting Huge Pages File System...
[[0;32m  OK  [0m] Reached target User and Group Name Lookups.
[[0;32m  OK  [0m] Started Uncomplicated firewall.
[[0;32m  OK  [0m] Mounted POSIX Message Queue File System.
[[0;32m  OK  [0m] Started Remount Root and Kernel File Systems.
[[0;32m  OK  [0m] Started Create list of required staâ€¦vice nodes for the current kernel.
[[0;32m  OK  [0m] Mounted Kernel Debug File System.
[[0;32m  OK  [0m] Mounted Huge Pages File System.
         Starting Create Static Device Nodes in /dev...
[    5.715917] iscsi: registered transport (tcp)
[    5.739188] iscsi: registered transport (iser)
         Starting Load/Save Random Seed...
[[0;32m  OK  [0m] Started Load Kernel Modules.
[[0;32m  OK  [0m] Started udev Coldplug all Devices.
[[0;32m  OK  [0m] Started LVM2 metadata daemon.
         Starting Apply Kernel Variables...
         Mounting Kernel Configuration File System...
         Mounting FUSE Control File System...
[[0;32m  OK  [0m] Mounted Kernel Configuration File System.
[[0;32m  OK  [0m] Mounted FUSE Control File System.
[[0;32m  OK  [0m] Started Journal Service.
         Starting Flush Journal to Persistent Storage...
[[0;32m  OK  [0m] Started Load/Save Random Seed.
[[0;32m  OK  [0m] Started Create Static Device Nodes in /dev.
         Starting udev Kernel Device Manager...
[[0;32m  OK  [0m] Started Apply Kernel Variables.
[[0;32m  OK  [0m] Started udev Kernel Device Manager.
[[0;32m  OK  [0m] Started Monitoring of LVM2 mirrors,â€¦sing dmeventd or progress polling.
[[0;32m  OK  [0m] Started Set the console keyboard layout.
[[0;32m  OK  [0m] Started Dispatch Password Requests to Console Directory Watch.
[[0;32m  OK  [0m] Reached target Local Encrypted Volumes.
[[0;32m  OK  [0m] Reached target Local File Systems (Pre).
[[0;32m  OK  [0m] Reached target Local File Systems.
         Starting Set console font and keymap...
         Starting Tell Plymouth To Write Out Runtime Data...
         Starting AppArmor initialization...
         Starting ebtables ruleset management...
         Mounting /vagrant...
[[0;32m  OK  [0m] Started Set console font and keymap.
[[0;32m  OK  [0m] Started Tell Plymouth To Write Out Runtime Data.
[[0;32m  OK  [0m] Started Flush Journal to Persistent Storage.
         Starting Create Volatile Files and Directories...
[[0;32m  OK  [0m] Mounted /vagrant.
[[0;32m  OK  [0m] Started Create Volatile Files and Directories.
         Starting Update UTMP about System Boot/Shutdown...
[[0;32m  OK  [0m] Started Update UTMP about System Boot/Shutdown.
[[0;32m  OK  [0m] Started ebtables ruleset management.
[[0;32m  OK  [0m] Found device /dev/ttyS0.
[[0;32m  OK  [0m] Listening on Load/Save RF Kill Switch Status /dev/rfkill Watch.
[[0;32m  OK  [0m] Started AppArmor initialization.
         Starting Load AppArmor profiles managed internally by snapd...
         Starting Initial cloud-init job (pre-networking)...
[[0;32m  OK  [0m] Started Load AppArmor profiles managed internally by snapd.
[    8.033476] cloud-init[532]: Cloud-init v. 20.4.1-0ubuntu1~18.04.1 running 'init-local' at Sun, 07 Feb 2021 15:29:15 +0000. Up 7.70 seconds.
[[0;32m  OK  [0m] Started Initial cloud-init job (pre-networking).
[[0;32m  OK  [0m] Reached target Network (Pre).
         Starting Network Service...
[[0;32m  OK  [0m] Started Network Service.
         Starting Network Name Resolution...
         Starting Wait for Network to be Configured...
[[0;32m  OK  [0m] Started Network Name Resolution.
[[0;32m  OK  [0m] Reached target Network.
[[0;32m  OK  [0m] Reached target Host and Network Name Lookups.
[[0;32m  OK  [0m] Started Wait for Network to be Configured.
         Starting Initial cloud-init job (metadata service crawler)...
[   10.963813] cloud-init[630]: Cloud-init v. 20.4.1-0ubuntu1~18.04.1 running 'init' at Sun, 07 Feb 2021 15:29:18 +0000. Up 10.74 seconds.
[   10.968655] cloud-init[630]: ci-info: ++++++++++++++++++++++++++++++++++++++Net device info+++++++++++++++++++++++++++++++++++++++
[   10.972913] cloud-init[630]: ci-info: +--------+------+-----------------------------+---------------+--------+-------------------+
[   10.977577] cloud-init[630]: ci-info: | Device |  Up  |           Address           |      Mask     | Scope  |     Hw-Address    |
[   10.981447] cloud-init[630]: ci-info: +--------+------+-----------------------------+---------------+--------+-------------------+
[   10.986287] cloud-init[630]: ci-info: | enp0s3 | True |          10.0.2.15          | 255.255.255.0 | global | 02:ed:54:94:72:f1 |
[   10.990449] cloud-init[630]: ci-info: | enp0s3 | True |  fe80::ed:54ff:fe94:72f1/64 |       .       |  link  | 02:ed:54:94:72:f1 |
[   10.993630] cloud-init[630]: ci-info: | enp0s8 | True |        192.168.33.13        | 255.255.255.0 | global | 08:00:27:fd:12:c4 |
[   10.997215] cloud-init[630]: ci-info: | enp0s8 | True | fe80::a00:27ff:fefd:12c4/64 |       .       |  link  | 08:00:27:fd:12:c4 |
[   11.000475] cloud-init[630]: ci-info: |   lo   | True |          127.0.0.1          |   255.0.0.0   |  host  |         .         |
[   11.004353] cloud-init[630]: ci-info: |   lo   | True |           ::1/128           |       .       |  host  |         .         |
[   11.007909] cloud-init[630]: ci-info: +--------+------+-----------------------------+---------------+--------+-------------------+
[   11.011635] cloud-init[630]: ci-info: +++++++++++++++++++++++++++++Route IPv4 info+++++++++++++++++++++++++++++
[   11.024365] cloud-init[630]: ci-info: +-------+--------------+----------+-----------------+-----------+-------+
[   11.028800] cloud-init[630]: ci-info: | Route | Destination  | Gateway  |     Genmask     | Interface | Flags |
[   11.032400] cloud-init[630]: ci-info: +-------+--------------+----------+-----------------+-----------+-------+
[   11.036040] cloud-init[630]: ci-info: |   0   |   0.0.0.0    | 10.0.2.2 |     0.0.0.0     |   enp0s3  |   UG  |
[   11.039851] cloud-init[630]: ci-info: |   1   |   10.0.2.0   | 0.0.0.0  |  255.255.255.0  |   enp0s3  |   U   |
[   11.043614] cloud-init[630]: ci-info: |   2   |   10.0.2.2   | 0.0.0.0  | 255.255.255.255 |   enp0s3  |   UH  |
[   11.047773] cloud-init[630]: ci-info: |   3   | 192.168.33.0 | 0.0.0.0  |  255.255.255.0  |   enp0s8  |   U   |
[   11.051655] cloud-init[630]: ci-info: +-------+--------------+----------+-----------------+-----------+-------+
[   11.055377] cloud-init[630]: ci-info: +++++++++++++++++++Route IPv6 info+++++++++++++++++++
[   11.059046] cloud-init[630]: ci-info: +-------+-------------+---------+-----------+-------+
[   11.062762] cloud-init[630]: ci-info: | Route | Destination | Gateway | Interface | Flags |
[   11.076805] cloud-init[630]: ci-info: +-------+-------------+---------+-----------+-------+
[   11.081093] cloud-init[630]: ci-info: |   1   |  fe80::/64  |    ::   |   enp0s8  |   U   |
[   11.085205] cloud-init[630]: ci-info: |   2   |  fe80::/64  |    ::   |   enp0s3  |   U   |
[   11.100318] cloud-init[630]: ci-info: |   4   |    local    |    ::   |   enp0s3  |   U   |
[   11.117582] cloud-init[630]: ci-info: |   5   |    local    |    ::   |   enp0s8  |   U   |
[   11.133852] cloud-init[630]: ci-info: |   6   |   ff00::/8  |    ::   |   enp0s8  |   U   |
[   11.140551] cloud-init[630]: ci-info: |   7   |   ff00::/8  |    ::   |   enp0s3  |   U   |
[   11.150695] cloud-init[630]: ci-info: +-------+-------------+---------+-----------+-------+
[[0;32m  OK  [0m] Started Initial cloud-init job (metadata service crawler).
[[0;32m  OK  [0m] Reached target Network is Online.
         Starting Availability of block devices...
[[0;32m  OK  [0m] Reached target Remote File Systems (Pre).
[[0;32m  OK  [0m] Reached target Remote File Systems.
[[0;32m  OK  [0m] Reached target System Initialization.
[[0;32m  OK  [0m] Listening on UUID daemon activation socket.
[[0;32m  OK  [0m] Started ACPI Events Check.
[[0;32m  OK  [0m] Listening on ACPID Listen Socket.
[[0;32m  OK  [0m] Listening on D-Bus System Message Bus Socket.
[[0;32m  OK  [0m] Started Daily Cleanup of Temporary Directories.
[[0;32m  OK  [0m] Reached target Paths.
[[0;32m  OK  [0m] Listening on Open-iSCSI iscsid Socket.
         Starting LXD - unix socket.
         Starting Socket activation for snappy daemon.
[[0;32m  OK  [0m] Started Message of the Day.
[[0;32m  OK  [0m] Started Daily apt download activities.
[[0;32m  OK  [0m] Started Daily apt upgrade and clean activities.
[[0;32m  OK  [0m] Started Discard unused blocks once a week.
[[0;32m  OK  [0m] Reached target Timers.
[[0;32m  OK  [0m] Reached target Cloud-config availability.
[[0;32m  OK  [0m] Started Availability of block devices.
[[0;32m  OK  [0m] Listening on LXD - unix socket.
[[0;32m  OK  [0m] Listening on Socket activation for snappy daemon.
[[0;32m  OK  [0m] Reached target Sockets.
[[0;32m  OK  [0m] Reached target Basic System.
         Starting Accounts Service...
[[0;32m  OK  [0m] Started Regular background program processing daemon.
         Starting Permit User Sessions...
         Starting LSB: automatic crash report generation...
[[0;32m  OK  [0m] Started Deferred execution scheduler.
         Starting Virtualbox guest utils...
         Starting System Logging Service...
         Starting Snap Daemon...
         Starting OpenBSD Secure Shell server...
         Starting Login Service...
[[0;32m  OK  [0m] Started D-Bus System Message Bus.
[[0;32m  OK  [0m] Started irqbalance daemon.
         Starting Dispatcher daemon for systemd-networkd...
         Starting LSB: Record successful boot for GRUB...
[[0;32m  OK  [0m] Started FUSE filesystem for LXC.
         Starting LXD - container startup/shutdown...
[[0;32m  OK  [0m] Started System Logging Service.
[[0;32m  OK  [0m] Started Permit User Sessions.
[[0;32m  OK  [0m] Started Login Service.
[[0;32m  OK  [0m] Started OpenBSD Secure Shell server.
         Starting Authorization Manager...
[[0;32m  OK  [0m] Started Unattended Upgrades Shutdown.
         Starting Terminate Plymouth Boot Screen...
         Starting Hold until boot process finishes up...
[[0;32m  OK  [0m] Started Terminate Plymouth Boot Screen.
[[0;32m  OK  [0m] Started Hold until boot process finishes up.
[[0;32m  OK  [0m] Started LSB: automatic crash report generation.
[[0;32m  OK  [0m] Started Serial Getty on ttyS0.
         Starting Set console scheme...
[[0;32m  OK  [0m] Started Authorization Manager.
[[0;32m  OK  [0m] Started Accounts Service.
[[0;32m  OK  [0m] Started Set console scheme.
[[0;32m  OK  [0m] Created slice system-getty.slice.
[[0;32m  OK  [0m] Started Getty on tty1.
[[0;32m  OK  [0m] Reached target Login Prompts.
[[0;32m  OK  [0m] Started LSB: Record successful boot for GRUB.
[[0;32m  OK  [0m] Started Virtualbox guest utils.
[[0;32m  OK  [0m] Started LXD - container startup/shutdown.
[[0;32m  OK  [0m] Started Snap Daemon.
         Starting Wait until snapd is fully seeded...
[[0;32m  OK  [0m] Created slice User Slice of vagrant.
[[0;32m  OK  [0m] Started Wait until snapd is fully seeded.
[[0;32m  OK  [0m] Started Session 1 of user vagrant.
         Starting Apply the settings specified in cloud-config...
         Starting User Manager for UID 1000...
[[0;32m  OK  [0m] Started Dispatcher daemon for systemd-networkd.
[[0;32m  OK  [0m] Reached target Multi-User System.
[[0;32m  OK  [0m] Reached target Graphical Interface.
         Starting Update UTMP about System Runlevel Changes...
[[0;32m  OK  [0m] Started Update UTMP about System Runlevel Changes.
[[0;32m  OK  [0m] Started User Manager for UID 1000.
[   13.885363] cloud-init[913]: Cloud-init v. 20.4.1-0ubuntu1~18.04.1 running 'modules:config' at Sun, 07 Feb 2021 15:29:21 +0000. Up 13.72 seconds.
[[0;32m  OK  [0m] Started Apply the settings specified in cloud-config.
         Starting Execute cloud user/final scripts...
[   14.827583] cloud-init[996]: Cloud-init v. 20.4.1-0ubuntu1~18.04.1 running 'modules:final' at Sun, 07 Feb 2021 15:29:22 +0000. Up 14.66 seconds.
[   14.833879] cloud-init[996]: Cloud-init v. 20.4.1-0ubuntu1~18.04.1 finished at Sun, 07 Feb 2021 15:29:22 +0000. Datasource DataSourceNoCloud [seed=/dev/sdb][dsmode=net].  Up 14.81 seconds
[[0;32m  OK  [0m] Started Execute cloud user/final scripts.
[[0;32m  OK  [0m] Reached target Cloud-init target.

Ubuntu 18.04.5 LTS loadbalancer ttyS0

loadbalancer login: 